exports[`Artwork renders correctly 1`] = `
<div>
  <img
    className="bMAZFf"
    src="artsy.net/image-url" />
  <p>
    Some Kind of Dinosaur
  </p>
</div>
`;
